

================================================================
== Vivado HLS Report for 'unique_paths'
================================================================
* Date:           Sat Dec  2 15:47:23 2023

* Version:        2019.1 (Build 2552052 on Fri May 24 15:28:33 MDT 2019)
* Project:        unique_paths
* Solution:       solution1
* Product family: zynq
* Target device:  xc7z020-clg484-1


================================================================
== Performance Estimates
================================================================
+ Timing (ns): 
    * Summary: 
    +--------+-------+----------+------------+
    |  Clock | Target| Estimated| Uncertainty|
    +--------+-------+----------+------------+
    |ap_clk  |  10.00|     8.356|        1.25|
    +--------+-------+----------+------------+

+ Latency (clock cycles): 
    * Summary: 
    +-----+-----+-----+-----+---------+
    |  Latency  |  Interval | Pipeline|
    | min | max | min | max |   Type  |
    +-----+-----+-----+-----+---------+
    |    ?|    ?|    ?|    ?|   none  |
    +-----+-----+-----+-----+---------+

    + Detail: 
        * Instance: 
        N/A

        * Loop: 
        +-------------+-----+-----+----------+-----------+-----------+------+----------+
        |             |  Latency  | Iteration|  Initiation Interval  | Trip |          |
        |  Loop Name  | min | max |  Latency |  achieved |   target  | Count| Pipelined|
        +-------------+-----+-----+----------+-----------+-----------+------+----------+
        |- Loop 1     |    ?|    ?|         2|          2|          1|     ?|    yes   |
        |- Loop 2     |    ?|    ?|         1|          1|          1|     ?|    yes   |
        |- Loop 3     |    ?|    ?|         ?|          -|          -|     ?|    no    |
        | + Loop 3.1  |    ?|    ?|         6|          6|          1|     ?|    yes   |
        +-------------+-----+-----+----------+-----------+-----------+------+----------+



================================================================
== Utilization Estimates
================================================================
* Summary: 
+-----------------+---------+-------+--------+-------+-----+
|       Name      | BRAM_18K| DSP48E|   FF   |  LUT  | URAM|
+-----------------+---------+-------+--------+-------+-----+
|DSP              |        -|      -|       -|      -|    -|
|Expression       |        -|      -|       0|   1143|    -|
|FIFO             |        -|      -|       -|      -|    -|
|Instance         |        0|      -|     150|   2757|    -|
|Memory           |      200|      -|       0|      0|    0|
|Multiplexer      |        -|      -|       -|   7019|    -|
|Register         |        -|      -|    1792|      -|    -|
+-----------------+---------+-------+--------+-------+-----+
|Total            |      200|      0|    1942|  10919|    0|
+-----------------+---------+-------+--------+-------+-----+
|Available        |      280|    220|  106400|  53200|    0|
+-----------------+---------+-------+--------+-------+-----+
|Utilization (%)  |       71|      0|       1|     20|    0|
+-----------------+---------+-------+--------+-------+-----+

+ Detail: 
    * Instance: 
    +-------------------------------+-----------------------------+---------+-------+-----+-----+-----+
    |            Instance           |            Module           | BRAM_18K| DSP48E|  FF | LUT | URAM|
    +-------------------------------+-----------------------------+---------+-------+-----+-----+-----+
    |unique_paths_AXILiteS_s_axi_U  |unique_paths_AXILiteS_s_axi  |        0|      0|  150|  232|    0|
    |unique_paths_mux_bkb_U1        |unique_paths_mux_bkb         |        0|      0|    0|  505|    0|
    |unique_paths_mux_bkb_U2        |unique_paths_mux_bkb         |        0|      0|    0|  505|    0|
    |unique_paths_mux_bkb_U3        |unique_paths_mux_bkb         |        0|      0|    0|  505|    0|
    |unique_paths_mux_bkb_U4        |unique_paths_mux_bkb         |        0|      0|    0|  505|    0|
    |unique_paths_mux_bkb_U5        |unique_paths_mux_bkb         |        0|      0|    0|  505|    0|
    +-------------------------------+-----------------------------+---------+-------+-----+-----+-----+
    |Total                          |                             |        0|      0|  150| 2757|    0|
    +-------------------------------+-----------------------------+---------+-------+-----+-----+-----+

    * DSP48E: 
    N/A

    * Memory: 
    +---------+-------------------+---------+---+----+-----+------+-----+------+-------------+
    |  Memory |       Module      | BRAM_18K| FF| LUT| URAM| Words| Bits| Banks| W*Bits*Banks|
    +---------+-------------------+---------+---+----+-----+------+-----+------+-------------+
    |dp_0_U   |unique_paths_dp_0  |        2|  0|   0|    0|   100|   32|     1|         3200|
    |dp_1_U   |unique_paths_dp_0  |        2|  0|   0|    0|   100|   32|     1|         3200|
    |dp_2_U   |unique_paths_dp_0  |        2|  0|   0|    0|   100|   32|     1|         3200|
    |dp_3_U   |unique_paths_dp_0  |        2|  0|   0|    0|   100|   32|     1|         3200|
    |dp_4_U   |unique_paths_dp_0  |        2|  0|   0|    0|   100|   32|     1|         3200|
    |dp_5_U   |unique_paths_dp_0  |        2|  0|   0|    0|   100|   32|     1|         3200|
    |dp_6_U   |unique_paths_dp_0  |        2|  0|   0|    0|   100|   32|     1|         3200|
    |dp_7_U   |unique_paths_dp_0  |        2|  0|   0|    0|   100|   32|     1|         3200|
    |dp_8_U   |unique_paths_dp_0  |        2|  0|   0|    0|   100|   32|     1|         3200|
    |dp_9_U   |unique_paths_dp_0  |        2|  0|   0|    0|   100|   32|     1|         3200|
    |dp_10_U  |unique_paths_dp_0  |        2|  0|   0|    0|   100|   32|     1|         3200|
    |dp_11_U  |unique_paths_dp_0  |        2|  0|   0|    0|   100|   32|     1|         3200|
    |dp_12_U  |unique_paths_dp_0  |        2|  0|   0|    0|   100|   32|     1|         3200|
    |dp_13_U  |unique_paths_dp_0  |        2|  0|   0|    0|   100|   32|     1|         3200|
    |dp_14_U  |unique_paths_dp_0  |        2|  0|   0|    0|   100|   32|     1|         3200|
    |dp_15_U  |unique_paths_dp_0  |        2|  0|   0|    0|   100|   32|     1|         3200|
    |dp_16_U  |unique_paths_dp_0  |        2|  0|   0|    0|   100|   32|     1|         3200|
    |dp_17_U  |unique_paths_dp_0  |        2|  0|   0|    0|   100|   32|     1|         3200|
    |dp_18_U  |unique_paths_dp_0  |        2|  0|   0|    0|   100|   32|     1|         3200|
    |dp_19_U  |unique_paths_dp_0  |        2|  0|   0|    0|   100|   32|     1|         3200|
    |dp_20_U  |unique_paths_dp_0  |        2|  0|   0|    0|   100|   32|     1|         3200|
    |dp_21_U  |unique_paths_dp_0  |        2|  0|   0|    0|   100|   32|     1|         3200|
    |dp_22_U  |unique_paths_dp_0  |        2|  0|   0|    0|   100|   32|     1|         3200|
    |dp_23_U  |unique_paths_dp_0  |        2|  0|   0|    0|   100|   32|     1|         3200|
    |dp_24_U  |unique_paths_dp_0  |        2|  0|   0|    0|   100|   32|     1|         3200|
    |dp_25_U  |unique_paths_dp_0  |        2|  0|   0|    0|   100|   32|     1|         3200|
    |dp_26_U  |unique_paths_dp_0  |        2|  0|   0|    0|   100|   32|     1|         3200|
    |dp_27_U  |unique_paths_dp_0  |        2|  0|   0|    0|   100|   32|     1|         3200|
    |dp_28_U  |unique_paths_dp_0  |        2|  0|   0|    0|   100|   32|     1|         3200|
    |dp_29_U  |unique_paths_dp_0  |        2|  0|   0|    0|   100|   32|     1|         3200|
    |dp_30_U  |unique_paths_dp_0  |        2|  0|   0|    0|   100|   32|     1|         3200|
    |dp_31_U  |unique_paths_dp_0  |        2|  0|   0|    0|   100|   32|     1|         3200|
    |dp_32_U  |unique_paths_dp_0  |        2|  0|   0|    0|   100|   32|     1|         3200|
    |dp_33_U  |unique_paths_dp_0  |        2|  0|   0|    0|   100|   32|     1|         3200|
    |dp_34_U  |unique_paths_dp_0  |        2|  0|   0|    0|   100|   32|     1|         3200|
    |dp_35_U  |unique_paths_dp_0  |        2|  0|   0|    0|   100|   32|     1|         3200|
    |dp_36_U  |unique_paths_dp_0  |        2|  0|   0|    0|   100|   32|     1|         3200|
    |dp_37_U  |unique_paths_dp_0  |        2|  0|   0|    0|   100|   32|     1|         3200|
    |dp_38_U  |unique_paths_dp_0  |        2|  0|   0|    0|   100|   32|     1|         3200|
    |dp_39_U  |unique_paths_dp_0  |        2|  0|   0|    0|   100|   32|     1|         3200|
    |dp_40_U  |unique_paths_dp_0  |        2|  0|   0|    0|   100|   32|     1|         3200|
    |dp_41_U  |unique_paths_dp_0  |        2|  0|   0|    0|   100|   32|     1|         3200|
    |dp_42_U  |unique_paths_dp_0  |        2|  0|   0|    0|   100|   32|     1|         3200|
    |dp_43_U  |unique_paths_dp_0  |        2|  0|   0|    0|   100|   32|     1|         3200|
    |dp_44_U  |unique_paths_dp_0  |        2|  0|   0|    0|   100|   32|     1|         3200|
    |dp_45_U  |unique_paths_dp_0  |        2|  0|   0|    0|   100|   32|     1|         3200|
    |dp_46_U  |unique_paths_dp_0  |        2|  0|   0|    0|   100|   32|     1|         3200|
    |dp_47_U  |unique_paths_dp_0  |        2|  0|   0|    0|   100|   32|     1|         3200|
    |dp_48_U  |unique_paths_dp_0  |        2|  0|   0|    0|   100|   32|     1|         3200|
    |dp_49_U  |unique_paths_dp_0  |        2|  0|   0|    0|   100|   32|     1|         3200|
    |dp_50_U  |unique_paths_dp_0  |        2|  0|   0|    0|   100|   32|     1|         3200|
    |dp_51_U  |unique_paths_dp_0  |        2|  0|   0|    0|   100|   32|     1|         3200|
    |dp_52_U  |unique_paths_dp_0  |        2|  0|   0|    0|   100|   32|     1|         3200|
    |dp_53_U  |unique_paths_dp_0  |        2|  0|   0|    0|   100|   32|     1|         3200|
    |dp_54_U  |unique_paths_dp_0  |        2|  0|   0|    0|   100|   32|     1|         3200|
    |dp_55_U  |unique_paths_dp_0  |        2|  0|   0|    0|   100|   32|     1|         3200|
    |dp_56_U  |unique_paths_dp_0  |        2|  0|   0|    0|   100|   32|     1|         3200|
    |dp_57_U  |unique_paths_dp_0  |        2|  0|   0|    0|   100|   32|     1|         3200|
    |dp_58_U  |unique_paths_dp_0  |        2|  0|   0|    0|   100|   32|     1|         3200|
    |dp_59_U  |unique_paths_dp_0  |        2|  0|   0|    0|   100|   32|     1|         3200|
    |dp_60_U  |unique_paths_dp_0  |        2|  0|   0|    0|   100|   32|     1|         3200|
    |dp_61_U  |unique_paths_dp_0  |        2|  0|   0|    0|   100|   32|     1|         3200|
    |dp_62_U  |unique_paths_dp_0  |        2|  0|   0|    0|   100|   32|     1|         3200|
    |dp_63_U  |unique_paths_dp_0  |        2|  0|   0|    0|   100|   32|     1|         3200|
    |dp_64_U  |unique_paths_dp_0  |        2|  0|   0|    0|   100|   32|     1|         3200|
    |dp_65_U  |unique_paths_dp_0  |        2|  0|   0|    0|   100|   32|     1|         3200|
    |dp_66_U  |unique_paths_dp_0  |        2|  0|   0|    0|   100|   32|     1|         3200|
    |dp_67_U  |unique_paths_dp_0  |        2|  0|   0|    0|   100|   32|     1|         3200|
    |dp_68_U  |unique_paths_dp_0  |        2|  0|   0|    0|   100|   32|     1|         3200|
    |dp_69_U  |unique_paths_dp_0  |        2|  0|   0|    0|   100|   32|     1|         3200|
    |dp_70_U  |unique_paths_dp_0  |        2|  0|   0|    0|   100|   32|     1|         3200|
    |dp_71_U  |unique_paths_dp_0  |        2|  0|   0|    0|   100|   32|     1|         3200|
    |dp_72_U  |unique_paths_dp_0  |        2|  0|   0|    0|   100|   32|     1|         3200|
    |dp_73_U  |unique_paths_dp_0  |        2|  0|   0|    0|   100|   32|     1|         3200|
    |dp_74_U  |unique_paths_dp_0  |        2|  0|   0|    0|   100|   32|     1|         3200|
    |dp_75_U  |unique_paths_dp_0  |        2|  0|   0|    0|   100|   32|     1|         3200|
    |dp_76_U  |unique_paths_dp_0  |        2|  0|   0|    0|   100|   32|     1|         3200|
    |dp_77_U  |unique_paths_dp_0  |        2|  0|   0|    0|   100|   32|     1|         3200|
    |dp_78_U  |unique_paths_dp_0  |        2|  0|   0|    0|   100|   32|     1|         3200|
    |dp_79_U  |unique_paths_dp_0  |        2|  0|   0|    0|   100|   32|     1|         3200|
    |dp_80_U  |unique_paths_dp_0  |        2|  0|   0|    0|   100|   32|     1|         3200|
    |dp_81_U  |unique_paths_dp_0  |        2|  0|   0|    0|   100|   32|     1|         3200|
    |dp_82_U  |unique_paths_dp_0  |        2|  0|   0|    0|   100|   32|     1|         3200|
    |dp_83_U  |unique_paths_dp_0  |        2|  0|   0|    0|   100|   32|     1|         3200|
    |dp_84_U  |unique_paths_dp_0  |        2|  0|   0|    0|   100|   32|     1|         3200|
    |dp_85_U  |unique_paths_dp_0  |        2|  0|   0|    0|   100|   32|     1|         3200|
    |dp_86_U  |unique_paths_dp_0  |        2|  0|   0|    0|   100|   32|     1|         3200|
    |dp_87_U  |unique_paths_dp_0  |        2|  0|   0|    0|   100|   32|     1|         3200|
    |dp_88_U  |unique_paths_dp_0  |        2|  0|   0|    0|   100|   32|     1|         3200|
    |dp_89_U  |unique_paths_dp_0  |        2|  0|   0|    0|   100|   32|     1|         3200|
    |dp_90_U  |unique_paths_dp_0  |        2|  0|   0|    0|   100|   32|     1|         3200|
    |dp_91_U  |unique_paths_dp_0  |        2|  0|   0|    0|   100|   32|     1|         3200|
    |dp_92_U  |unique_paths_dp_0  |        2|  0|   0|    0|   100|   32|     1|         3200|
    |dp_93_U  |unique_paths_dp_0  |        2|  0|   0|    0|   100|   32|     1|         3200|
    |dp_94_U  |unique_paths_dp_0  |        2|  0|   0|    0|   100|   32|     1|         3200|
    |dp_95_U  |unique_paths_dp_0  |        2|  0|   0|    0|   100|   32|     1|         3200|
    |dp_96_U  |unique_paths_dp_0  |        2|  0|   0|    0|   100|   32|     1|         3200|
    |dp_97_U  |unique_paths_dp_0  |        2|  0|   0|    0|   100|   32|     1|         3200|
    |dp_98_U  |unique_paths_dp_0  |        2|  0|   0|    0|   100|   32|     1|         3200|
    |dp_99_U  |unique_paths_dp_0  |        2|  0|   0|    0|   100|   32|     1|         3200|
    +---------+-------------------+---------+---+----+-----+------+-----+------+-------------+
    |Total    |                   |      200|  0|   0|    0| 10000| 3200|   100|       320000|
    +---------+-------------------+---------+---+----+-----+------+-----+------+-------------+

    * FIFO: 
    N/A

    * Expression: 
    +--------------------------+----------+-------+---+----+------------+------------+
    |       Variable Name      | Operation| DSP48E| FF| LUT| Bitwidth P0| Bitwidth P1|
    +--------------------------+----------+-------+---+----+------------+------------+
    |add_ln13_1_fu_6053_p2     |     +    |      0|  0|  39|          32|           1|
    |add_ln13_fu_6149_p2       |     +    |      0|  0|  39|          32|           2|
    |add_ln19_1_fu_6162_p2     |     +    |      0|  0|  39|          32|           1|
    |add_ln19_fu_6256_p2       |     +    |      0|  0|  39|          32|           2|
    |add_ln27_fu_7942_p2       |     +    |      0|  0|  39|          32|           2|
    |add_ln39_fu_6287_p2       |     +    |      0|  0|  15|           2|           7|
    |add_ln43_fu_6546_p2       |     +    |      0|  0|  39|          32|           2|
    |add_ln45_1_fu_7836_p2     |     +    |      0|  0|  39|          32|          32|
    |add_ln45_fu_7204_p2       |     +    |      0|  0|  39|          32|          32|
    |add_ln48_fu_6293_p2       |     +    |      0|  0|  39|           2|          32|
    |i_fu_6271_p2              |     +    |      0|  0|  38|          31|           1|
    |tmp_2_fu_7953_p101        |     +    |      0|  0|  15|           2|           7|
    |sub_ln13_fu_6083_p2       |     -    |      0|  0|  38|           1|          31|
    |sub_ln19_fu_6190_p2       |     -    |      0|  0|  38|           1|          31|
    |icmp_ln13_1_fu_6138_p2    |   icmp   |      0|  0|  18|          32|          32|
    |icmp_ln13_fu_6123_p2      |   icmp   |      0|  0|  18|          32|          32|
    |icmp_ln19_1_fu_6246_p2    |   icmp   |      0|  0|  18|          32|          32|
    |icmp_ln19_fu_6230_p2      |   icmp   |      0|  0|  18|          32|          32|
    |icmp_ln25_fu_6266_p2      |   icmp   |      0|  0|  18|          32|          32|
    |icmp_ln27_1_fu_6662_p2    |   icmp   |      0|  0|  18|          32|          32|
    |icmp_ln27_fu_6405_p2      |   icmp   |      0|  0|  18|          32|          32|
    |icmp_ln31_fu_6436_p2      |   icmp   |      0|  0|  18|          32|           1|
    |icmp_ln37_fu_6277_p2      |   icmp   |      0|  0|  18|          31|           1|
    |icmp_ln41_1_fu_7180_p2    |   icmp   |      0|  0|  18|          32|           1|
    |icmp_ln41_fu_7191_p2      |   icmp   |      0|  0|  18|          32|           1|
    |or_ln13_fu_6132_p2        |    or    |      0|  0|  32|          32|           1|
    |or_ln17_fu_6143_p2        |    or    |      0|  0|   7|           7|           1|
    |or_ln19_fu_6240_p2        |    or    |      0|  0|  32|          32|           1|
    |or_ln27_fu_6656_p2        |    or    |      0|  0|  32|          32|           1|
    |or_ln31_fu_6414_p2        |    or    |      0|  0|  31|          31|          31|
    |select_ln13_1_fu_6107_p3  |  select  |      0|  0|  31|           1|           1|
    |select_ln13_fu_6099_p3    |  select  |      0|  0|  31|           1|          31|
    |select_ln19_1_fu_6214_p3  |  select  |      0|  0|  31|           1|           1|
    |select_ln19_fu_6206_p3    |  select  |      0|  0|  31|           1|          31|
    |select_ln37_1_fu_7824_p3  |  select  |      0|  0|  32|           1|          32|
    |select_ln37_fu_7185_p3    |  select  |      0|  0|  32|           1|          32|
    |select_ln41_1_fu_7830_p3  |  select  |      0|  0|  32|           1|          32|
    |select_ln41_fu_7197_p3    |  select  |      0|  0|  32|           1|          32|
    |xor_ln13_fu_6067_p2       |    xor   |      0|  0|  32|          32|           2|
    |xor_ln19_fu_6175_p2       |    xor   |      0|  0|  32|          32|           2|
    +--------------------------+----------+-------+---+----+------------+------------+
    |Total                     |          |      0|  0|1143|         852|         642|
    +--------------------------+----------+-------+---+----+------------+------------+

    * Multiplexer: 
    +----------------+----+-----------+-----+-----------+
    |      Name      | LUT| Input Size| Bits| Total Bits|
    +----------------+----+-----------+-----+-----------+
    |ap_NS_fsm       |  65|         16|    1|         16|
    |dp_0_address0   |  33|          6|    7|         42|
    |dp_0_address1   |  33|          6|    7|         42|
    |dp_0_d1         |  21|          4|   32|        128|
    |dp_10_address0  |  27|          5|    7|         35|
    |dp_10_address1  |  27|          5|    7|         35|
    |dp_10_d1        |  15|          3|   32|         96|
    |dp_11_address0  |  27|          5|    7|         35|
    |dp_11_address1  |  27|          5|    7|         35|
    |dp_11_d1        |  15|          3|   32|         96|
    |dp_12_address0  |  27|          5|    7|         35|
    |dp_12_address1  |  27|          5|    7|         35|
    |dp_12_d1        |  15|          3|   32|         96|
    |dp_13_address0  |  27|          5|    7|         35|
    |dp_13_address1  |  27|          5|    7|         35|
    |dp_13_d1        |  15|          3|   32|         96|
    |dp_14_address0  |  27|          5|    7|         35|
    |dp_14_address1  |  27|          5|    7|         35|
    |dp_14_d1        |  15|          3|   32|         96|
    |dp_15_address0  |  27|          5|    7|         35|
    |dp_15_address1  |  27|          5|    7|         35|
    |dp_15_d1        |  15|          3|   32|         96|
    |dp_16_address0  |  27|          5|    7|         35|
    |dp_16_address1  |  27|          5|    7|         35|
    |dp_16_d1        |  15|          3|   32|         96|
    |dp_17_address0  |  27|          5|    7|         35|
    |dp_17_address1  |  27|          5|    7|         35|
    |dp_17_d1        |  15|          3|   32|         96|
    |dp_18_address0  |  27|          5|    7|         35|
    |dp_18_address1  |  27|          5|    7|         35|
    |dp_18_d1        |  15|          3|   32|         96|
    |dp_19_address0  |  27|          5|    7|         35|
    |dp_19_address1  |  27|          5|    7|         35|
    |dp_19_d1        |  15|          3|   32|         96|
    |dp_1_address0   |  27|          5|    7|         35|
    |dp_1_address1   |  27|          5|    7|         35|
    |dp_1_d1         |  15|          3|   32|         96|
    |dp_20_address0  |  27|          5|    7|         35|
    |dp_20_address1  |  27|          5|    7|         35|
    |dp_20_d1        |  15|          3|   32|         96|
    |dp_21_address0  |  27|          5|    7|         35|
    |dp_21_address1  |  27|          5|    7|         35|
    |dp_21_d1        |  15|          3|   32|         96|
    |dp_22_address0  |  27|          5|    7|         35|
    |dp_22_address1  |  27|          5|    7|         35|
    |dp_22_d1        |  15|          3|   32|         96|
    |dp_23_address0  |  27|          5|    7|         35|
    |dp_23_address1  |  27|          5|    7|         35|
    |dp_23_d1        |  15|          3|   32|         96|
    |dp_24_address0  |  27|          5|    7|         35|
    |dp_24_address1  |  27|          5|    7|         35|
    |dp_24_d1        |  15|          3|   32|         96|
    |dp_25_address0  |  27|          5|    7|         35|
    |dp_25_address1  |  27|          5|    7|         35|
    |dp_25_d1        |  15|          3|   32|         96|
    |dp_26_address0  |  27|          5|    7|         35|
    |dp_26_address1  |  27|          5|    7|         35|
    |dp_26_d1        |  15|          3|   32|         96|
    |dp_27_address0  |  27|          5|    7|         35|
    |dp_27_address1  |  27|          5|    7|         35|
    |dp_27_d1        |  15|          3|   32|         96|
    |dp_28_address0  |  27|          5|    7|         35|
    |dp_28_address1  |  27|          5|    7|         35|
    |dp_28_d1        |  15|          3|   32|         96|
    |dp_29_address0  |  27|          5|    7|         35|
    |dp_29_address1  |  27|          5|    7|         35|
    |dp_29_d1        |  15|          3|   32|         96|
    |dp_2_address0   |  27|          5|    7|         35|
    |dp_2_address1   |  27|          5|    7|         35|
    |dp_2_d1         |  15|          3|   32|         96|
    |dp_30_address0  |  27|          5|    7|         35|
    |dp_30_address1  |  27|          5|    7|         35|
    |dp_30_d1        |  15|          3|   32|         96|
    |dp_31_address0  |  27|          5|    7|         35|
    |dp_31_address1  |  27|          5|    7|         35|
    |dp_31_d1        |  15|          3|   32|         96|
    |dp_32_address0  |  27|          5|    7|         35|
    |dp_32_address1  |  27|          5|    7|         35|
    |dp_32_d1        |  15|          3|   32|         96|
    |dp_33_address0  |  27|          5|    7|         35|
    |dp_33_address1  |  27|          5|    7|         35|
    |dp_33_d1        |  15|          3|   32|         96|
    |dp_34_address0  |  27|          5|    7|         35|
    |dp_34_address1  |  27|          5|    7|         35|
    |dp_34_d1        |  15|          3|   32|         96|
    |dp_35_address0  |  27|          5|    7|         35|
    |dp_35_address1  |  27|          5|    7|         35|
    |dp_35_d1        |  15|          3|   32|         96|
    |dp_36_address0  |  27|          5|    7|         35|
    |dp_36_address1  |  27|          5|    7|         35|
    |dp_36_d1        |  15|          3|   32|         96|
    |dp_37_address0  |  27|          5|    7|         35|
    |dp_37_address1  |  27|          5|    7|         35|
    |dp_37_d1        |  15|          3|   32|         96|
    |dp_38_address0  |  27|          5|    7|         35|
    |dp_38_address1  |  27|          5|    7|         35|
    |dp_38_d1        |  15|          3|   32|         96|
    |dp_39_address0  |  27|          5|    7|         35|
    |dp_39_address1  |  27|          5|    7|         35|
    |dp_39_d1        |  15|          3|   32|         96|
    |dp_3_address0   |  27|          5|    7|         35|
    |dp_3_address1   |  27|          5|    7|         35|
    |dp_3_d1         |  15|          3|   32|         96|
    |dp_40_address0  |  27|          5|    7|         35|
    |dp_40_address1  |  27|          5|    7|         35|
    |dp_40_d1        |  15|          3|   32|         96|
    |dp_41_address0  |  27|          5|    7|         35|
    |dp_41_address1  |  27|          5|    7|         35|
    |dp_41_d1        |  15|          3|   32|         96|
    |dp_42_address0  |  27|          5|    7|         35|
    |dp_42_address1  |  27|          5|    7|         35|
    |dp_42_d1        |  15|          3|   32|         96|
    |dp_43_address0  |  27|          5|    7|         35|
    |dp_43_address1  |  27|          5|    7|         35|
    |dp_43_d1        |  15|          3|   32|         96|
    |dp_44_address0  |  27|          5|    7|         35|
    |dp_44_address1  |  27|          5|    7|         35|
    |dp_44_d1        |  15|          3|   32|         96|
    |dp_45_address0  |  27|          5|    7|         35|
    |dp_45_address1  |  27|          5|    7|         35|
    |dp_45_d1        |  15|          3|   32|         96|
    |dp_46_address0  |  27|          5|    7|         35|
    |dp_46_address1  |  27|          5|    7|         35|
    |dp_46_d1        |  15|          3|   32|         96|
    |dp_47_address0  |  27|          5|    7|         35|
    |dp_47_address1  |  27|          5|    7|         35|
    |dp_47_d1        |  15|          3|   32|         96|
    |dp_48_address0  |  27|          5|    7|         35|
    |dp_48_address1  |  27|          5|    7|         35|
    |dp_48_d1        |  15|          3|   32|         96|
    |dp_49_address0  |  27|          5|    7|         35|
    |dp_49_address1  |  27|          5|    7|         35|
    |dp_49_d1        |  15|          3|   32|         96|
    |dp_4_address0   |  27|          5|    7|         35|
    |dp_4_address1   |  27|          5|    7|         35|
    |dp_4_d1         |  15|          3|   32|         96|
    |dp_50_address0  |  27|          5|    7|         35|
    |dp_50_address1  |  27|          5|    7|         35|
    |dp_50_d1        |  15|          3|   32|         96|
    |dp_51_address0  |  27|          5|    7|         35|
    |dp_51_address1  |  27|          5|    7|         35|
    |dp_51_d1        |  15|          3|   32|         96|
    |dp_52_address0  |  27|          5|    7|         35|
    |dp_52_address1  |  27|          5|    7|         35|
    |dp_52_d1        |  15|          3|   32|         96|
    |dp_53_address0  |  27|          5|    7|         35|
    |dp_53_address1  |  27|          5|    7|         35|
    |dp_53_d1        |  15|          3|   32|         96|
    |dp_54_address0  |  27|          5|    7|         35|
    |dp_54_address1  |  27|          5|    7|         35|
    |dp_54_d1        |  15|          3|   32|         96|
    |dp_55_address0  |  27|          5|    7|         35|
    |dp_55_address1  |  27|          5|    7|         35|
    |dp_55_d1        |  15|          3|   32|         96|
    |dp_56_address0  |  27|          5|    7|         35|
    |dp_56_address1  |  27|          5|    7|         35|
    |dp_56_d1        |  15|          3|   32|         96|
    |dp_57_address0  |  27|          5|    7|         35|
    |dp_57_address1  |  27|          5|    7|         35|
    |dp_57_d1        |  15|          3|   32|         96|
    |dp_58_address0  |  27|          5|    7|         35|
    |dp_58_address1  |  27|          5|    7|         35|
    |dp_58_d1        |  15|          3|   32|         96|
    |dp_59_address0  |  27|          5|    7|         35|
    |dp_59_address1  |  27|          5|    7|         35|
    |dp_59_d1        |  15|          3|   32|         96|
    |dp_5_address0   |  27|          5|    7|         35|
    |dp_5_address1   |  27|          5|    7|         35|
    |dp_5_d1         |  15|          3|   32|         96|
    |dp_60_address0  |  27|          5|    7|         35|
    |dp_60_address1  |  27|          5|    7|         35|
    |dp_60_d1        |  15|          3|   32|         96|
    |dp_61_address0  |  27|          5|    7|         35|
    |dp_61_address1  |  27|          5|    7|         35|
    |dp_61_d1        |  15|          3|   32|         96|
    |dp_62_address0  |  27|          5|    7|         35|
    |dp_62_address1  |  27|          5|    7|         35|
    |dp_62_d1        |  15|          3|   32|         96|
    |dp_63_address0  |  27|          5|    7|         35|
    |dp_63_address1  |  27|          5|    7|         35|
    |dp_63_d1        |  15|          3|   32|         96|
    |dp_64_address0  |  27|          5|    7|         35|
    |dp_64_address1  |  27|          5|    7|         35|
    |dp_64_d1        |  15|          3|   32|         96|
    |dp_65_address0  |  27|          5|    7|         35|
    |dp_65_address1  |  27|          5|    7|         35|
    |dp_65_d1        |  15|          3|   32|         96|
    |dp_66_address0  |  27|          5|    7|         35|
    |dp_66_address1  |  27|          5|    7|         35|
    |dp_66_d1        |  15|          3|   32|         96|
    |dp_67_address0  |  27|          5|    7|         35|
    |dp_67_address1  |  27|          5|    7|         35|
    |dp_67_d1        |  15|          3|   32|         96|
    |dp_68_address0  |  27|          5|    7|         35|
    |dp_68_address1  |  27|          5|    7|         35|
    |dp_68_d1        |  15|          3|   32|         96|
    |dp_69_address0  |  27|          5|    7|         35|
    |dp_69_address1  |  27|          5|    7|         35|
    |dp_69_d1        |  15|          3|   32|         96|
    |dp_6_address0   |  27|          5|    7|         35|
    |dp_6_address1   |  27|          5|    7|         35|
    |dp_6_d1         |  15|          3|   32|         96|
    |dp_70_address0  |  27|          5|    7|         35|
    |dp_70_address1  |  27|          5|    7|         35|
    |dp_70_d1        |  15|          3|   32|         96|
    |dp_71_address0  |  27|          5|    7|         35|
    |dp_71_address1  |  27|          5|    7|         35|
    |dp_71_d1        |  15|          3|   32|         96|
    |dp_72_address0  |  27|          5|    7|         35|
    |dp_72_address1  |  27|          5|    7|         35|
    |dp_72_d1        |  15|          3|   32|         96|
    |dp_73_address0  |  27|          5|    7|         35|
    |dp_73_address1  |  27|          5|    7|         35|
    |dp_73_d1        |  15|          3|   32|         96|
    |dp_74_address0  |  27|          5|    7|         35|
    |dp_74_address1  |  27|          5|    7|         35|
    |dp_74_d1        |  15|          3|   32|         96|
    |dp_75_address0  |  27|          5|    7|         35|
    |dp_75_address1  |  27|          5|    7|         35|
    |dp_75_d1        |  15|          3|   32|         96|
    |dp_76_address0  |  27|          5|    7|         35|
    |dp_76_address1  |  27|          5|    7|         35|
    |dp_76_d1        |  15|          3|   32|         96|
    |dp_77_address0  |  27|          5|    7|         35|
    |dp_77_address1  |  27|          5|    7|         35|
    |dp_77_d1        |  15|          3|   32|         96|
    |dp_78_address0  |  27|          5|    7|         35|
    |dp_78_address1  |  27|          5|    7|         35|
    |dp_78_d1        |  15|          3|   32|         96|
    |dp_79_address0  |  27|          5|    7|         35|
    |dp_79_address1  |  27|          5|    7|         35|
    |dp_79_d1        |  15|          3|   32|         96|
    |dp_7_address0   |  27|          5|    7|         35|
    |dp_7_address1   |  27|          5|    7|         35|
    |dp_7_d1         |  15|          3|   32|         96|
    |dp_80_address0  |  27|          5|    7|         35|
    |dp_80_address1  |  27|          5|    7|         35|
    |dp_80_d1        |  15|          3|   32|         96|
    |dp_81_address0  |  27|          5|    7|         35|
    |dp_81_address1  |  27|          5|    7|         35|
    |dp_81_d1        |  15|          3|   32|         96|
    |dp_82_address0  |  27|          5|    7|         35|
    |dp_82_address1  |  27|          5|    7|         35|
    |dp_82_d1        |  15|          3|   32|         96|
    |dp_83_address0  |  27|          5|    7|         35|
    |dp_83_address1  |  27|          5|    7|         35|
    |dp_83_d1        |  15|          3|   32|         96|
    |dp_84_address0  |  27|          5|    7|         35|
    |dp_84_address1  |  27|          5|    7|         35|
    |dp_84_d1        |  15|          3|   32|         96|
    |dp_85_address0  |  27|          5|    7|         35|
    |dp_85_address1  |  27|          5|    7|         35|
    |dp_85_d1        |  15|          3|   32|         96|
    |dp_86_address0  |  27|          5|    7|         35|
    |dp_86_address1  |  27|          5|    7|         35|
    |dp_86_d1        |  15|          3|   32|         96|
    |dp_87_address0  |  27|          5|    7|         35|
    |dp_87_address1  |  27|          5|    7|         35|
    |dp_87_d1        |  15|          3|   32|         96|
    |dp_88_address0  |  27|          5|    7|         35|
    |dp_88_address1  |  27|          5|    7|         35|
    |dp_88_d1        |  15|          3|   32|         96|
    |dp_89_address0  |  27|          5|    7|         35|
    |dp_89_address1  |  27|          5|    7|         35|
    |dp_89_d1        |  15|          3|   32|         96|
    |dp_8_address0   |  27|          5|    7|         35|
    |dp_8_address1   |  27|          5|    7|         35|
    |dp_8_d1         |  15|          3|   32|         96|
    |dp_90_address0  |  27|          5|    7|         35|
    |dp_90_address1  |  27|          5|    7|         35|
    |dp_90_d1        |  15|          3|   32|         96|
    |dp_91_address0  |  27|          5|    7|         35|
    |dp_91_address1  |  27|          5|    7|         35|
    |dp_91_d1        |  15|          3|   32|         96|
    |dp_92_address0  |  27|          5|    7|         35|
    |dp_92_address1  |  27|          5|    7|         35|
    |dp_92_d1        |  15|          3|   32|         96|
    |dp_93_address0  |  27|          5|    7|         35|
    |dp_93_address1  |  27|          5|    7|         35|
    |dp_93_d1        |  15|          3|   32|         96|
    |dp_94_address0  |  27|          5|    7|         35|
    |dp_94_address1  |  27|          5|    7|         35|
    |dp_94_d1        |  15|          3|   32|         96|
    |dp_95_address0  |  27|          5|    7|         35|
    |dp_95_address1  |  27|          5|    7|         35|
    |dp_95_d1        |  15|          3|   32|         96|
    |dp_96_address0  |  27|          5|    7|         35|
    |dp_96_address1  |  27|          5|    7|         35|
    |dp_96_d1        |  15|          3|   32|         96|
    |dp_97_address0  |  27|          5|    7|         35|
    |dp_97_address1  |  27|          5|    7|         35|
    |dp_97_d1        |  15|          3|   32|         96|
    |dp_98_address0  |  27|          5|    7|         35|
    |dp_98_address1  |  27|          5|    7|         35|
    |dp_98_d1        |  15|          3|   32|         96|
    |dp_99_address0  |  27|          5|    7|         35|
    |dp_99_address1  |  27|          5|    7|         35|
    |dp_99_d0        |  15|          3|   32|         96|
    |dp_9_address0   |  27|          5|    7|         35|
    |dp_9_address1   |  27|          5|    7|         35|
    |dp_9_d1         |  15|          3|   32|         96|
    |i_0_0_reg_5998  |   9|          2|   32|         64|
    |i_1_0_reg_6010  |   9|          2|   32|         64|
    |i_2_reg_6021    |   9|          2|   31|         62|
    |j_0_0_reg_6033  |   9|          2|   32|         64|
    +----------------+----+-----------+-----+-----------+
    |Total           |7019|       1327| 4728|      16916|
    +----------------+----+-----------+-----+-----------+

    * Register: 
    +------------------------+----+----+-----+-----------+
    |          Name          | FF | LUT| Bits| Const Bits|
    +------------------------+----+----+-----+-----------+
    |a_reg_8160              |  32|   0|   32|          0|
    |add_ln39_reg_8740       |   7|   0|    7|          0|
    |ap_CS_fsm               |  15|   0|   15|          0|
    |b_reg_8167              |  32|   0|   32|          0|
    |dp_0_addr_4_reg_9259    |   7|   0|    7|          0|
    |dp_0_addr_6_reg_10379   |   6|   0|    7|          1|
    |dp_10_addr_2_reg_9319   |   7|   0|    7|          0|
    |dp_10_addr_4_reg_10430  |   6|   0|    7|          1|
    |dp_11_addr_2_reg_9325   |   7|   0|    7|          0|
    |dp_11_addr_4_reg_10435  |   6|   0|    7|          1|
    |dp_12_addr_2_reg_9331   |   7|   0|    7|          0|
    |dp_12_addr_4_reg_10440  |   6|   0|    7|          1|
    |dp_13_addr_2_reg_9337   |   7|   0|    7|          0|
    |dp_13_addr_4_reg_10445  |   6|   0|    7|          1|
    |dp_14_addr_2_reg_9343   |   7|   0|    7|          0|
    |dp_14_addr_4_reg_10450  |   6|   0|    7|          1|
    |dp_15_addr_2_reg_9349   |   7|   0|    7|          0|
    |dp_15_addr_4_reg_10455  |   6|   0|    7|          1|
    |dp_16_addr_2_reg_9355   |   7|   0|    7|          0|
    |dp_16_addr_4_reg_10460  |   6|   0|    7|          1|
    |dp_17_addr_2_reg_9361   |   7|   0|    7|          0|
    |dp_17_addr_4_reg_10465  |   6|   0|    7|          1|
    |dp_18_addr_2_reg_9367   |   7|   0|    7|          0|
    |dp_18_addr_4_reg_10470  |   6|   0|    7|          1|
    |dp_19_addr_2_reg_9373   |   7|   0|    7|          0|
    |dp_19_addr_4_reg_10475  |   6|   0|    7|          1|
    |dp_1_addr_2_reg_9265    |   7|   0|    7|          0|
    |dp_1_addr_4_reg_10385   |   6|   0|    7|          1|
    |dp_20_addr_2_reg_9379   |   7|   0|    7|          0|
    |dp_20_addr_4_reg_10480  |   6|   0|    7|          1|
    |dp_21_addr_2_reg_9385   |   7|   0|    7|          0|
    |dp_21_addr_4_reg_10485  |   6|   0|    7|          1|
    |dp_22_addr_2_reg_9391   |   7|   0|    7|          0|
    |dp_22_addr_4_reg_10490  |   6|   0|    7|          1|
    |dp_23_addr_2_reg_9397   |   7|   0|    7|          0|
    |dp_23_addr_4_reg_10495  |   6|   0|    7|          1|
    |dp_24_addr_2_reg_9403   |   7|   0|    7|          0|
    |dp_24_addr_4_reg_10500  |   6|   0|    7|          1|
    |dp_25_addr_2_reg_9409   |   7|   0|    7|          0|
    |dp_25_addr_4_reg_10505  |   6|   0|    7|          1|
    |dp_26_addr_2_reg_9415   |   7|   0|    7|          0|
    |dp_26_addr_4_reg_10510  |   6|   0|    7|          1|
    |dp_27_addr_2_reg_9421   |   7|   0|    7|          0|
    |dp_27_addr_4_reg_10515  |   6|   0|    7|          1|
    |dp_28_addr_2_reg_9427   |   7|   0|    7|          0|
    |dp_28_addr_4_reg_10520  |   6|   0|    7|          1|
    |dp_29_addr_2_reg_9433   |   7|   0|    7|          0|
    |dp_29_addr_4_reg_10525  |   6|   0|    7|          1|
    |dp_2_addr_2_reg_9271    |   7|   0|    7|          0|
    |dp_2_addr_4_reg_10390   |   6|   0|    7|          1|
    |dp_30_addr_2_reg_9439   |   7|   0|    7|          0|
    |dp_30_addr_4_reg_10530  |   6|   0|    7|          1|
    |dp_31_addr_2_reg_9445   |   7|   0|    7|          0|
    |dp_31_addr_4_reg_10535  |   6|   0|    7|          1|
    |dp_32_addr_2_reg_9451   |   7|   0|    7|          0|
    |dp_32_addr_4_reg_10540  |   6|   0|    7|          1|
    |dp_33_addr_2_reg_9457   |   7|   0|    7|          0|
    |dp_33_addr_4_reg_10545  |   6|   0|    7|          1|
    |dp_34_addr_2_reg_9463   |   7|   0|    7|          0|
    |dp_34_addr_4_reg_10550  |   6|   0|    7|          1|
    |dp_35_addr_2_reg_9469   |   7|   0|    7|          0|
    |dp_35_addr_4_reg_10555  |   6|   0|    7|          1|
    |dp_36_addr_2_reg_9475   |   7|   0|    7|          0|
    |dp_36_addr_4_reg_10560  |   6|   0|    7|          1|
    |dp_37_addr_2_reg_9481   |   7|   0|    7|          0|
    |dp_37_addr_4_reg_10565  |   6|   0|    7|          1|
    |dp_38_addr_2_reg_9487   |   7|   0|    7|          0|
    |dp_38_addr_4_reg_10570  |   6|   0|    7|          1|
    |dp_39_addr_2_reg_9493   |   7|   0|    7|          0|
    |dp_39_addr_4_reg_10575  |   6|   0|    7|          1|
    |dp_3_addr_2_reg_9277    |   7|   0|    7|          0|
    |dp_3_addr_4_reg_10395   |   6|   0|    7|          1|
    |dp_40_addr_2_reg_9499   |   7|   0|    7|          0|
    |dp_40_addr_4_reg_10580  |   6|   0|    7|          1|
    |dp_41_addr_2_reg_9505   |   7|   0|    7|          0|
    |dp_41_addr_4_reg_10585  |   6|   0|    7|          1|
    |dp_42_addr_2_reg_9511   |   7|   0|    7|          0|
    |dp_42_addr_4_reg_10590  |   6|   0|    7|          1|
    |dp_43_addr_2_reg_9517   |   7|   0|    7|          0|
    |dp_43_addr_4_reg_10595  |   6|   0|    7|          1|
    |dp_44_addr_2_reg_9523   |   7|   0|    7|          0|
    |dp_44_addr_4_reg_10600  |   6|   0|    7|          1|
    |dp_45_addr_2_reg_9529   |   7|   0|    7|          0|
    |dp_45_addr_4_reg_10605  |   6|   0|    7|          1|
    |dp_46_addr_2_reg_9535   |   7|   0|    7|          0|
    |dp_46_addr_4_reg_10610  |   6|   0|    7|          1|
    |dp_47_addr_2_reg_9541   |   7|   0|    7|          0|
    |dp_47_addr_4_reg_10615  |   6|   0|    7|          1|
    |dp_48_addr_2_reg_9547   |   7|   0|    7|          0|
    |dp_48_addr_4_reg_10620  |   6|   0|    7|          1|
    |dp_49_addr_2_reg_9553   |   7|   0|    7|          0|
    |dp_49_addr_4_reg_10625  |   6|   0|    7|          1|
    |dp_4_addr_2_reg_9283    |   7|   0|    7|          0|
    |dp_4_addr_4_reg_10400   |   6|   0|    7|          1|
    |dp_50_addr_2_reg_9559   |   7|   0|    7|          0|
    |dp_50_addr_4_reg_10630  |   6|   0|    7|          1|
    |dp_51_addr_2_reg_9565   |   7|   0|    7|          0|
    |dp_51_addr_4_reg_10635  |   6|   0|    7|          1|
    |dp_52_addr_2_reg_9571   |   7|   0|    7|          0|
    |dp_52_addr_4_reg_10640  |   6|   0|    7|          1|
    |dp_53_addr_2_reg_9577   |   7|   0|    7|          0|
    |dp_53_addr_4_reg_10645  |   6|   0|    7|          1|
    |dp_54_addr_2_reg_9583   |   7|   0|    7|          0|
    |dp_54_addr_4_reg_10650  |   6|   0|    7|          1|
    |dp_55_addr_2_reg_9589   |   7|   0|    7|          0|
    |dp_55_addr_4_reg_10655  |   6|   0|    7|          1|
    |dp_56_addr_2_reg_9595   |   7|   0|    7|          0|
    |dp_56_addr_4_reg_10660  |   6|   0|    7|          1|
    |dp_57_addr_2_reg_9601   |   7|   0|    7|          0|
    |dp_57_addr_4_reg_10665  |   6|   0|    7|          1|
    |dp_58_addr_2_reg_9607   |   7|   0|    7|          0|
    |dp_58_addr_4_reg_10670  |   6|   0|    7|          1|
    |dp_59_addr_2_reg_9613   |   7|   0|    7|          0|
    |dp_59_addr_4_reg_10675  |   6|   0|    7|          1|
    |dp_5_addr_2_reg_9289    |   7|   0|    7|          0|
    |dp_5_addr_4_reg_10405   |   6|   0|    7|          1|
    |dp_60_addr_2_reg_9619   |   7|   0|    7|          0|
    |dp_60_addr_4_reg_10680  |   6|   0|    7|          1|
    |dp_61_addr_2_reg_9625   |   7|   0|    7|          0|
    |dp_61_addr_4_reg_10685  |   6|   0|    7|          1|
    |dp_62_addr_2_reg_9631   |   7|   0|    7|          0|
    |dp_62_addr_4_reg_10690  |   6|   0|    7|          1|
    |dp_63_addr_2_reg_9637   |   7|   0|    7|          0|
    |dp_63_addr_4_reg_10695  |   6|   0|    7|          1|
    |dp_64_addr_2_reg_9643   |   7|   0|    7|          0|
    |dp_64_addr_4_reg_10700  |   6|   0|    7|          1|
    |dp_65_addr_2_reg_9649   |   7|   0|    7|          0|
    |dp_65_addr_4_reg_10705  |   6|   0|    7|          1|
    |dp_66_addr_2_reg_9655   |   7|   0|    7|          0|
    |dp_66_addr_4_reg_10710  |   6|   0|    7|          1|
    |dp_67_addr_2_reg_9661   |   7|   0|    7|          0|
    |dp_67_addr_4_reg_10715  |   6|   0|    7|          1|
    |dp_68_addr_2_reg_9667   |   7|   0|    7|          0|
    |dp_68_addr_4_reg_10720  |   6|   0|    7|          1|
    |dp_69_addr_2_reg_9673   |   7|   0|    7|          0|
    |dp_69_addr_4_reg_10725  |   6|   0|    7|          1|
    |dp_6_addr_2_reg_9295    |   7|   0|    7|          0|
    |dp_6_addr_4_reg_10410   |   6|   0|    7|          1|
    |dp_70_addr_2_reg_9679   |   7|   0|    7|          0|
    |dp_70_addr_4_reg_10730  |   6|   0|    7|          1|
    |dp_71_addr_2_reg_9685   |   7|   0|    7|          0|
    |dp_71_addr_4_reg_10735  |   6|   0|    7|          1|
    |dp_72_addr_2_reg_9691   |   7|   0|    7|          0|
    |dp_72_addr_4_reg_10740  |   6|   0|    7|          1|
    |dp_73_addr_2_reg_9697   |   7|   0|    7|          0|
    |dp_73_addr_4_reg_10745  |   6|   0|    7|          1|
    |dp_74_addr_2_reg_9703   |   7|   0|    7|          0|
    |dp_74_addr_4_reg_10750  |   6|   0|    7|          1|
    |dp_75_addr_2_reg_9709   |   7|   0|    7|          0|
    |dp_75_addr_4_reg_10755  |   6|   0|    7|          1|
    |dp_76_addr_2_reg_9715   |   7|   0|    7|          0|
    |dp_76_addr_4_reg_10760  |   6|   0|    7|          1|
    |dp_77_addr_2_reg_9721   |   7|   0|    7|          0|
    |dp_77_addr_4_reg_10765  |   6|   0|    7|          1|
    |dp_78_addr_2_reg_9727   |   7|   0|    7|          0|
    |dp_78_addr_4_reg_10770  |   6|   0|    7|          1|
    |dp_79_addr_2_reg_9733   |   7|   0|    7|          0|
    |dp_79_addr_4_reg_10775  |   6|   0|    7|          1|
    |dp_7_addr_2_reg_9301    |   7|   0|    7|          0|
    |dp_7_addr_4_reg_10415   |   6|   0|    7|          1|
    |dp_80_addr_2_reg_9739   |   7|   0|    7|          0|
    |dp_80_addr_4_reg_10780  |   6|   0|    7|          1|
    |dp_81_addr_2_reg_9745   |   7|   0|    7|          0|
    |dp_81_addr_4_reg_10785  |   6|   0|    7|          1|
    |dp_82_addr_2_reg_9751   |   7|   0|    7|          0|
    |dp_82_addr_4_reg_10790  |   6|   0|    7|          1|
    |dp_83_addr_2_reg_9757   |   7|   0|    7|          0|
    |dp_83_addr_4_reg_10795  |   6|   0|    7|          1|
    |dp_84_addr_2_reg_9763   |   7|   0|    7|          0|
    |dp_84_addr_4_reg_10800  |   6|   0|    7|          1|
    |dp_85_addr_2_reg_9769   |   7|   0|    7|          0|
    |dp_85_addr_4_reg_10805  |   6|   0|    7|          1|
    |dp_86_addr_2_reg_9775   |   7|   0|    7|          0|
    |dp_86_addr_4_reg_10810  |   6|   0|    7|          1|
    |dp_87_addr_2_reg_9781   |   7|   0|    7|          0|
    |dp_87_addr_4_reg_10815  |   6|   0|    7|          1|
    |dp_88_addr_2_reg_9787   |   7|   0|    7|          0|
    |dp_88_addr_4_reg_10820  |   6|   0|    7|          1|
    |dp_89_addr_2_reg_9793   |   7|   0|    7|          0|
    |dp_89_addr_4_reg_10825  |   6|   0|    7|          1|
    |dp_8_addr_2_reg_9307    |   7|   0|    7|          0|
    |dp_8_addr_4_reg_10420   |   6|   0|    7|          1|
    |dp_90_addr_2_reg_9799   |   7|   0|    7|          0|
    |dp_90_addr_4_reg_10830  |   6|   0|    7|          1|
    |dp_91_addr_2_reg_9805   |   7|   0|    7|          0|
    |dp_91_addr_4_reg_10835  |   6|   0|    7|          1|
    |dp_92_addr_2_reg_9811   |   7|   0|    7|          0|
    |dp_92_addr_4_reg_10840  |   6|   0|    7|          1|
    |dp_93_addr_2_reg_9817   |   7|   0|    7|          0|
    |dp_93_addr_4_reg_10845  |   6|   0|    7|          1|
    |dp_94_addr_2_reg_9823   |   7|   0|    7|          0|
    |dp_94_addr_4_reg_10850  |   6|   0|    7|          1|
    |dp_95_addr_2_reg_9829   |   7|   0|    7|          0|
    |dp_95_addr_4_reg_10855  |   6|   0|    7|          1|
    |dp_96_addr_2_reg_9835   |   7|   0|    7|          0|
    |dp_96_addr_4_reg_10860  |   6|   0|    7|          1|
    |dp_97_addr_2_reg_9841   |   7|   0|    7|          0|
    |dp_97_addr_4_reg_10865  |   6|   0|    7|          1|
    |dp_98_addr_2_reg_9847   |   7|   0|    7|          0|
    |dp_98_addr_4_reg_10870  |   6|   0|    7|          1|
    |dp_99_addr_2_reg_9853   |   7|   0|    7|          0|
    |dp_99_addr_4_reg_10875  |   6|   0|    7|          1|
    |dp_9_addr_2_reg_9313    |   7|   0|    7|          0|
    |dp_9_addr_4_reg_10425   |   6|   0|    7|          1|
    |i_0_0_reg_5998          |  32|   0|   32|          0|
    |i_1_0_reg_6010          |  32|   0|   32|          0|
    |i_2_reg_6021            |  31|   0|   31|          0|
    |i_reg_8723              |  31|   0|   31|          0|
    |icmp_ln13_1_reg_8689    |   1|   0|    1|          0|
    |icmp_ln13_reg_8682      |   1|   0|    1|          0|
    |icmp_ln27_1_reg_10365   |   1|   0|    1|          0|
    |icmp_ln27_reg_9251      |   1|   0|    1|          0|
    |icmp_ln31_reg_9255      |   1|   0|    1|          0|
    |icmp_ln37_reg_8728      |   1|   0|    1|          0|
    |icmp_ln41_1_reg_10881   |   1|   0|    1|          0|
    |j_0_0_reg_6033          |  32|   0|   32|          0|
    |or_ln17_reg_8693        |   6|   0|    7|          1|
    |or_ln27_reg_10359       |  31|   0|   32|          1|
    |tmp_11_reg_8677         |  31|   0|   32|          1|
    |tmp_15_reg_8702         |  31|   0|   32|          1|
    |tmp_5_reg_10369         |  32|   0|   32|          0|
    |tmp_6_reg_10374         |  32|   0|   32|          0|
    |tmp_7_reg_10886         |  32|   0|   32|          0|
    |tmp_8_reg_11391         |  32|   0|   32|          0|
    |trunc_ln39_reg_8734     |   7|   0|    7|          0|
    |trunc_ln48_reg_8746     |   7|   0|    7|          0|
    +------------------------+----+----+-----+-----------+
    |Total                   |1792|   0| 1896|        104|
    +------------------------+----+----+-----+-----------+



================================================================
== Interface
================================================================
* Summary: 
+------------------------+-----+-----+------------+--------------+--------------+
|        RTL Ports       | Dir | Bits|  Protocol  | Source Object|    C Type    |
+------------------------+-----+-----+------------+--------------+--------------+
|s_axi_AXILiteS_AWVALID  |  in |    1|    s_axi   |   AXILiteS   |    pointer   |
|s_axi_AXILiteS_AWREADY  | out |    1|    s_axi   |   AXILiteS   |    pointer   |
|s_axi_AXILiteS_AWADDR   |  in |    6|    s_axi   |   AXILiteS   |    pointer   |
|s_axi_AXILiteS_WVALID   |  in |    1|    s_axi   |   AXILiteS   |    pointer   |
|s_axi_AXILiteS_WREADY   | out |    1|    s_axi   |   AXILiteS   |    pointer   |
|s_axi_AXILiteS_WDATA    |  in |   32|    s_axi   |   AXILiteS   |    pointer   |
|s_axi_AXILiteS_WSTRB    |  in |    4|    s_axi   |   AXILiteS   |    pointer   |
|s_axi_AXILiteS_ARVALID  |  in |    1|    s_axi   |   AXILiteS   |    pointer   |
|s_axi_AXILiteS_ARREADY  | out |    1|    s_axi   |   AXILiteS   |    pointer   |
|s_axi_AXILiteS_ARADDR   |  in |    6|    s_axi   |   AXILiteS   |    pointer   |
|s_axi_AXILiteS_RVALID   | out |    1|    s_axi   |   AXILiteS   |    pointer   |
|s_axi_AXILiteS_RREADY   |  in |    1|    s_axi   |   AXILiteS   |    pointer   |
|s_axi_AXILiteS_RDATA    | out |   32|    s_axi   |   AXILiteS   |    pointer   |
|s_axi_AXILiteS_RRESP    | out |    2|    s_axi   |   AXILiteS   |    pointer   |
|s_axi_AXILiteS_BVALID   | out |    1|    s_axi   |   AXILiteS   |    pointer   |
|s_axi_AXILiteS_BREADY   |  in |    1|    s_axi   |   AXILiteS   |    pointer   |
|s_axi_AXILiteS_BRESP    | out |    2|    s_axi   |   AXILiteS   |    pointer   |
|ap_clk                  |  in |    1| ap_ctrl_hs | unique_paths | return value |
|ap_rst_n                |  in |    1| ap_ctrl_hs | unique_paths | return value |
|interrupt               | out |    1| ap_ctrl_hs | unique_paths | return value |
+------------------------+-----+-----+------------+--------------+--------------+

